07:52:54 === LADDER START ===
07:52:54 eviction pass...
evicted: 165 GB in 346s (475 MB/s)
07:58:40 --- cp1: 128K -> 1M ---
cp POLAR->POLAR_1M hour 12: 9874 MB in 100s (97 MB/s)
cp POLAR->POLAR_1M hour 13: 9879 MB in 101s (96 MB/s)
cp POLAR->POLAR_1M hour 14: 9873 MB in 108s (90 MB/s)
08:03:50 eviction pass...
evicted: 165 GB in 348s (472 MB/s)
08:09:38 --- cp2: 1M -> 1M ---
cp POLAR_1M->POLAR_1M_B hour 12: 9874 MB in 113s (86 MB/s)
cp POLAR_1M->POLAR_1M_B hour 13: 9879 MB in 106s (92 MB/s)
cp POLAR_1M->POLAR_1M_B hour 14: 9873 MB in 90s (108 MB/s)
08:14:48 eviction pass...
evicted: 165 GB in 352s (467 MB/s)
08:20:40 --- Mac three-way bench over SMB ---
--- repeat 1 ---
128K loose serial                     66.1 MB    2.03 s     33 MB/s
128K loose 8-way                      66.2 MB    0.62 s    107 MB/s
1M loose serial                       66.1 MB    2.35 s     28 MB/s
1M loose 8-way                        66.1 MB    0.61 s    108 MB/s
tar ranged serial                     66.2 MB    0.49 s    134 MB/s
--- repeat 2 ---
128K loose serial                     66.1 MB    1.96 s     34 MB/s
128K loose 8-way                      66.2 MB    0.50 s    133 MB/s
1M loose serial                       66.1 MB    2.30 s     29 MB/s
1M loose 8-way                        66.1 MB    0.49 s    135 MB/s
tar ranged serial                     66.1 MB    0.55 s    120 MB/s
tar stream 2GB (hour 12 tar, mid)   2147.5 MB   10.89 s    197 MB/s
08:21:05 === LADDER DONE ===
